Last login: Tue Dec 13 12:11:06 on console
MacBook-Pro-de-LUSI-ITAM:~ LUSI_ITAM$ cd Documents/farid/estadisticaComputacional_Clase/gitCompuStat/
MacBook-Pro-de-LUSI-ITAM:gitCompuStat LUSI_ITAM$ ls
compstat2016
MacBook-Pro-de-LUSI-ITAM:gitCompuStat LUSI_ITAM$ git compstat2016/
git: 'compstat2016/' is not a git command. See 'git --help'.
MacBook-Pro-de-LUSI-ITAM:gitCompuStat LUSI_ITAM$ gti status
-bash: gti: command not found
MacBook-Pro-de-LUSI-ITAM:gitCompuStat LUSI_ITAM$ git status
fatal: Not a git repository (or any of the parent directories): .git
MacBook-Pro-de-LUSI-ITAM:gitCompuStat LUSI_ITAM$ ls -a
.		..		compstat2016
MacBook-Pro-de-LUSI-ITAM:gitCompuStat LUSI_ITAM$ cd compstat2016/
MacBook-Pro-de-LUSI-ITAM:compstat2016 LUSI_ITAM$ PS1='$ '
$ 








$ git status
On branch master
Your branch is up-to-date with 'origin/master'.
Changes not staged for commit:
  (use "git add/rm <file>..." to update what will be committed)
  (use "git checkout -- <file>..." to discard changes in working directory)

	deleted:    tarea4_despligaDatos/mcmc_tarea5.cpp
	modified:   tarea4_despligaDatos/readingDataSet.R
	modified:   tarea5_MCMC/tarea_5_shiny.R

Untracked files:
  (use "git add <file>..." to include in what will be committed)

	tarea3_integracionMonteCarlo/.DS_Store
	tarea4_despligaDatos/.DS_Store
	tarea4_despligaDatos/server.R
	tarea4_despligaDatos/ui.R

no changes added to commit (use "git add" and/or "git commit -a")
$ git add tarea4_despligaDatos
$ git commit -m "despliega datos, distribuciones aPriori"
[master dde197a] despliega datos, distribuciones aPriori
 5 files changed, 170 insertions(+), 43 deletions(-)
 create mode 100644 tarea4_despligaDatos/.DS_Store
 delete mode 100644 tarea4_despligaDatos/mcmc_tarea5.cpp
 create mode 100644 tarea4_despligaDatos/server.R
 create mode 100644 tarea4_despligaDatos/ui.R
$ git add tarea5_MCMC
$ git commit -m "..."
[master 3c8abc4] ...
 1 file changed, 4 insertions(+), 4 deletions(-)
$ git push origin master
+Counting objects: 10, done.
Delta compression using up to 4 threads.
Compressing objects: 100% (10/10), done.
Writing objects: 100% (10/10), 2.18 KiB | 0 bytes/s, done.
Total 10 (delta 7), reused 0 (delta 0)
remote: Resolving deltas: 100% (7/7), completed with 4 local objects.
To https://github.com/farid7/compstat2016
   6203efa..3c8abc4  master -> master
$ git status
On branch master
Your branch is up-to-date with 'origin/master'.
Changes not staged for commit:
  (use "git add <file>..." to update what will be committed)
  (use "git checkout -- <file>..." to discard changes in working directory)

	modified:   tarea4_despligaDatos/readingDataSet.R
	modified:   tarea4_despligaDatos/server.R
	modified:   tarea4_despligaDatos/ui.R

Untracked files:
  (use "git add <file>..." to include in what will be committed)

	tarea3_integracionMonteCarlo/.DS_Store

no changes added to commit (use "git add" and/or "git commit -a")
$ git add tarea4_despligaDatos
$ git commit -m "lee tabla"
